error: fundle::bundle only supports structs with named fields
 --> tests/proc/bundle_tupled.rs:5:1
  |
5 | struct Foo(u8);
  | ^^^^^^^^^^^^^^^
