---
source: crates/fundle_macros_impl/tests/deps_errors.rs
assertion_line: 14
expression: expand_fundle_deps!(item)
---
::core::compile_error! {
    "fundle::args requires at least one field"
}
