---
source: crates/fundle_macros_impl/tests/newtype_errors.rs
assertion_line: 51
expression: expand_fundle_newtype!(item)
---
::core::compile_error! {
    "fundle::newtype can only be applied to structs"
}
