---
source: crates/fundle_macros_impl/tests/newtype_errors.rs
assertion_line: 14
expression: expand_fundle_newtype!(item)
---
::core::compile_error! {
    "fundle::newtype can only be applied to tuple structs with exactly one field"
}
